Linux 6.16.4-g6a84fbc45f49 (ubuntu) 	11/30/2025 	_x86_64_	(16 CPU)

10:49:54 PM   UID       PID    %usr %system  %guest   %wait    %CPU   CPU  Command
10:49:55 PM  1000      1908    2.00    1.00    0.00    0.00    3.00    11  python

10:49:55 PM   UID       PID    %usr %system  %guest   %wait    %CPU   CPU  Command
10:49:56 PM  1000      1908    2.00    0.00    0.00    0.00    2.00    11  python

10:49:56 PM   UID       PID    %usr %system  %guest   %wait    %CPU   CPU  Command
10:49:57 PM  1000      1908    1.98    0.00    0.00    0.00    1.98    11  python

10:49:57 PM   UID       PID    %usr %system  %guest   %wait    %CPU   CPU  Command
10:49:58 PM  1000      1908    3.00    0.00    0.00    0.00    3.00    11  python

10:49:58 PM   UID       PID    %usr %system  %guest   %wait    %CPU   CPU  Command
10:49:59 PM  1000      1908    2.00    0.00    0.00    0.00    2.00    11  python

10:49:59 PM   UID       PID    %usr %system  %guest   %wait    %CPU   CPU  Command
10:50:00 PM  1000      1908    2.00    1.00    0.00    0.00    3.00    11  python

10:50:00 PM   UID       PID    %usr %system  %guest   %wait    %CPU   CPU  Command
10:50:01 PM  1000      1908    2.00    1.00    0.00    0.00    3.00    11  python

10:50:01 PM   UID       PID    %usr %system  %guest   %wait    %CPU   CPU  Command
10:50:02 PM  1000      1908    2.00    0.00    0.00    0.00    2.00    11  python

10:50:02 PM   UID       PID    %usr %system  %guest   %wait    %CPU   CPU  Command
10:50:03 PM  1000      1908    2.00    1.00    0.00    0.00    3.00    11  python

10:50:03 PM   UID       PID    %usr %system  %guest   %wait    %CPU   CPU  Command
10:50:04 PM  1000      1908    2.00    0.00    0.00    0.00    2.00    11  python

10:50:04 PM   UID       PID    %usr %system  %guest   %wait    %CPU   CPU  Command
10:50:05 PM  1000      1908    2.00    1.00    0.00    0.00    3.00    11  python

10:50:05 PM   UID       PID    %usr %system  %guest   %wait    %CPU   CPU  Command
10:50:06 PM  1000      1908    2.00    0.00    0.00    0.00    2.00    12  python

10:50:06 PM   UID       PID    %usr %system  %guest   %wait    %CPU   CPU  Command
10:50:07 PM  1000      1908    2.00    0.00    0.00    0.00    2.00    12  python

10:50:07 PM   UID       PID    %usr %system  %guest   %wait    %CPU   CPU  Command
10:50:08 PM  1000      1908    2.00    1.00    0.00    0.00    3.00    12  python

10:50:08 PM   UID       PID    %usr %system  %guest   %wait    %CPU   CPU  Command
10:50:09 PM  1000      1908    3.00    0.00    0.00    0.00    3.00    12  python

10:50:09 PM   UID       PID    %usr %system  %guest   %wait    %CPU   CPU  Command
10:50:10 PM  1000      1908    2.00    1.00    0.00    0.00    3.00    12  python

10:50:10 PM   UID       PID    %usr %system  %guest   %wait    %CPU   CPU  Command
10:50:11 PM  1000      1908    2.00    0.00    0.00    0.00    2.00    12  python

10:50:11 PM   UID       PID    %usr %system  %guest   %wait    %CPU   CPU  Command
10:50:12 PM  1000      1908    2.00    0.00    0.00    0.00    2.00    11  python

10:50:12 PM   UID       PID    %usr %system  %guest   %wait    %CPU   CPU  Command
10:50:13 PM  1000      1908    3.00    0.00    0.00    0.00    3.00    11  python

10:50:13 PM   UID       PID    %usr %system  %guest   %wait    %CPU   CPU  Command
10:50:14 PM  1000      1908    2.00    1.00    0.00    0.00    3.00    11  python

10:50:14 PM   UID       PID    %usr %system  %guest   %wait    %CPU   CPU  Command
10:50:15 PM  1000      1908    2.00    0.00    0.00    0.00    2.00    11  python

10:50:15 PM   UID       PID    %usr %system  %guest   %wait    %CPU   CPU  Command
10:50:16 PM  1000      1908    2.00    0.00    0.00    0.00    2.00    11  python

10:50:16 PM   UID       PID    %usr %system  %guest   %wait    %CPU   CPU  Command
10:50:17 PM  1000      1908    2.00    1.00    0.00    0.00    3.00    11  python

10:50:17 PM   UID       PID    %usr %system  %guest   %wait    %CPU   CPU  Command
10:50:18 PM  1000      1908    2.00    0.00    0.00    0.00    2.00    11  python

10:50:18 PM   UID       PID    %usr %system  %guest   %wait    %CPU   CPU  Command
10:50:19 PM  1000      1908    2.00    1.00    0.00    0.00    3.00    11  python

10:50:19 PM   UID       PID    %usr %system  %guest   %wait    %CPU   CPU  Command
10:50:20 PM  1000      1908    2.00    0.00    0.00    0.00    2.00    11  python

10:50:20 PM   UID       PID    %usr %system  %guest   %wait    %CPU   CPU  Command
10:50:21 PM  1000      1908    2.00    1.00    0.00    0.00    3.00    11  python

10:50:21 PM   UID       PID    %usr %system  %guest   %wait    %CPU   CPU  Command
10:50:22 PM  1000      1908    2.00    0.00    0.00    0.00    2.00    11  python

10:50:22 PM   UID       PID    %usr %system  %guest   %wait    %CPU   CPU  Command
10:50:23 PM  1000      1908    2.00    1.00    0.00    0.00    3.00    11  python

10:50:23 PM   UID       PID    %usr %system  %guest   %wait    %CPU   CPU  Command
10:50:24 PM  1000      1908    2.00    0.00    0.00    0.00    2.00    11  python

10:50:24 PM   UID       PID    %usr %system  %guest   %wait    %CPU   CPU  Command
10:50:25 PM  1000      1908    1.00    0.00    0.00    0.00    1.00    11  python

10:50:25 PM   UID       PID    %usr %system  %guest   %wait    %CPU   CPU  Command
10:50:26 PM  1000      1908    2.00    1.00    0.00    0.00    3.00    11  python

10:50:26 PM   UID       PID    %usr %system  %guest   %wait    %CPU   CPU  Command
10:50:27 PM  1000      1908    1.00    0.00    0.00    0.00    1.00    11  python

10:50:27 PM   UID       PID    %usr %system  %guest   %wait    %CPU   CPU  Command
10:50:28 PM  1000      1908    2.00    1.00    0.00    0.00    3.00    11  python

10:50:28 PM   UID       PID    %usr %system  %guest   %wait    %CPU   CPU  Command
10:50:29 PM  1000      1908    1.00    0.00    0.00    0.00    1.00    11  python

10:50:29 PM   UID       PID    %usr %system  %guest   %wait    %CPU   CPU  Command
10:50:30 PM  1000      1908    1.98    0.00    0.00    0.00    1.98    11  python

10:50:30 PM   UID       PID    %usr %system  %guest   %wait    %CPU   CPU  Command
10:50:31 PM  1000      1908    1.00    0.00    0.00    0.00    1.00    11  python

10:50:31 PM   UID       PID    %usr %system  %guest   %wait    %CPU   CPU  Command
10:50:32 PM  1000      1908    2.00    0.00    0.00    0.00    2.00     1  python

10:50:32 PM   UID       PID    %usr %system  %guest   %wait    %CPU   CPU  Command
10:50:33 PM  1000      1908    2.00    1.00    0.00    0.00    3.00     1  python

10:50:33 PM   UID       PID    %usr %system  %guest   %wait    %CPU   CPU  Command
10:50:34 PM  1000      1908    3.00    0.00    0.00    0.00    3.00     1  python

10:50:34 PM   UID       PID    %usr %system  %guest   %wait    %CPU   CPU  Command
10:50:35 PM  1000      1908    2.00    0.00    0.00    0.00    2.00     1  python

10:50:35 PM   UID       PID    %usr %system  %guest   %wait    %CPU   CPU  Command
10:50:36 PM  1000      1908    2.00    1.00    0.00    0.00    3.00     1  python

10:50:36 PM   UID       PID    %usr %system  %guest   %wait    %CPU   CPU  Command
10:50:37 PM  1000      1908    2.00    0.00    0.00    0.00    2.00     1  python

10:50:37 PM   UID       PID    %usr %system  %guest   %wait    %CPU   CPU  Command
10:50:38 PM  1000      1908    2.00    1.00    0.00    0.00    3.00     1  python

10:50:38 PM   UID       PID    %usr %system  %guest   %wait    %CPU   CPU  Command
10:50:39 PM  1000      1908    2.00    0.00    0.00    0.00    2.00     1  python

10:50:39 PM   UID       PID    %usr %system  %guest   %wait    %CPU   CPU  Command
10:50:40 PM  1000      1908    2.00    0.00    0.00    0.00    2.00     1  python

10:50:40 PM   UID       PID    %usr %system  %guest   %wait    %CPU   CPU  Command
10:50:41 PM  1000      1908    2.00    1.00    0.00    0.00    3.00     1  python

10:50:41 PM   UID       PID    %usr %system  %guest   %wait    %CPU   CPU  Command
10:50:42 PM  1000      1908    2.00    0.00    0.00    0.00    2.00     1  python

10:50:42 PM   UID       PID    %usr %system  %guest   %wait    %CPU   CPU  Command
10:50:43 PM  1000      1908    2.00    0.00    0.00    0.00    2.00     1  python

10:50:43 PM   UID       PID    %usr %system  %guest   %wait    %CPU   CPU  Command
10:50:44 PM  1000      1908    2.00    1.00    0.00    0.00    3.00     1  python

10:50:44 PM   UID       PID    %usr %system  %guest   %wait    %CPU   CPU  Command
10:50:45 PM  1000      1908    2.00    0.00    0.00    0.00    2.00     1  python

10:50:45 PM   UID       PID    %usr %system  %guest   %wait    %CPU   CPU  Command
10:50:46 PM  1000      1908    2.00    1.00    0.00    0.00    3.00     1  python

10:50:46 PM   UID       PID    %usr %system  %guest   %wait    %CPU   CPU  Command
10:50:47 PM  1000      1908    2.00    0.00    0.00    0.00    2.00     1  python

10:50:47 PM   UID       PID    %usr %system  %guest   %wait    %CPU   CPU  Command
10:50:48 PM  1000      1908    2.00    1.00    0.00    0.00    3.00     1  python

10:50:48 PM   UID       PID    %usr %system  %guest   %wait    %CPU   CPU  Command
10:50:49 PM  1000      1908    2.00    0.00    0.00    0.00    2.00     1  python

10:50:49 PM   UID       PID    %usr %system  %guest   %wait    %CPU   CPU  Command
10:50:50 PM  1000      1908    2.00    1.00    0.00    0.00    3.00     1  python

10:50:50 PM   UID       PID    %usr %system  %guest   %wait    %CPU   CPU  Command
10:50:51 PM  1000      1908    3.00    0.00    0.00    0.00    3.00     1  python

10:50:51 PM   UID       PID    %usr %system  %guest   %wait    %CPU   CPU  Command
10:50:52 PM  1000      1908    2.00    1.00    0.00    0.00    3.00     1  python

10:50:52 PM   UID       PID    %usr %system  %guest   %wait    %CPU   CPU  Command
10:50:53 PM  1000      1908    2.00    1.00    0.00    0.00    3.00     1  python

10:50:53 PM   UID       PID    %usr %system  %guest   %wait    %CPU   CPU  Command
10:50:54 PM  1000      1908    2.00    0.00    0.00    0.00    2.00     1  python

Average:      UID       PID    %usr %system  %guest   %wait    %CPU   CPU  Command
Average:     1000      1908    2.02    0.40    0.00    0.00    2.42     -  python
