--- Results for baseline_orca ---
Average Total CPU Usage: 3.28% (of one core)
  - User Space (Agent/Server): 3.28%
  - Kernel Space (TCP Stack):  0.00%
Log saved to cpu_baseline_orca.log

Linux 6.16.4-g6a84fbc45f49 (ubuntu) 	11/30/2025 	_x86_64_	(16 CPU)

08:38:54 PM   UID       PID    %usr %system  %guest   %wait    %CPU   CPU  Command
08:38:55 PM  1000      8921    0.00    0.99    0.00    0.00    0.99     6  orca-server-mah
08:38:55 PM  1000      8923    8.91    0.99    0.00    0.00    9.90    15  python
08:38:55 PM  1000      9082    0.00    0.99    0.00    0.00    0.99    10  client

08:38:55 PM   UID       PID    %usr %system  %guest   %wait    %CPU   CPU  Command
08:38:56 PM  1000      8923    9.00    1.00    0.00    0.00   10.00    13  python
08:38:56 PM  1000      9082    0.00    1.00    0.00    0.00    1.00     9  client

08:38:56 PM   UID       PID    %usr %system  %guest   %wait    %CPU   CPU  Command
08:38:57 PM  1000      8921    1.00    1.00    0.00    0.00    2.00     6  orca-server-mah
08:38:57 PM  1000      8923    8.00    1.00    0.00    0.00    9.00    13  python
08:38:57 PM  1000      9082    1.00    1.00    0.00    0.00    2.00    10  client

08:38:57 PM   UID       PID    %usr %system  %guest   %wait    %CPU   CPU  Command
08:38:58 PM  1000      8923    9.00    0.00    0.00    0.00    9.00    14  python

08:38:58 PM   UID       PID    %usr %system  %guest   %wait    %CPU   CPU  Command
08:38:59 PM  1000      8923   10.00    1.00    0.00    0.00   11.00     0  python
08:38:59 PM  1000      9082    0.00    1.00    0.00    0.00    1.00    10  client

08:38:59 PM   UID       PID    %usr %system  %guest   %wait    %CPU   CPU  Command
08:39:00 PM  1000      8921    1.00    1.00    0.00    0.00    2.00     6  orca-server-mah
08:39:00 PM  1000      8923    8.00    2.00    0.00    0.00   10.00     0  python
08:39:00 PM  1000      9082    0.00    2.00    0.00    0.00    2.00    11  client

08:39:00 PM   UID       PID    %usr %system  %guest   %wait    %CPU   CPU  Command
08:39:01 PM  1000      8923    9.00    0.00    0.00    0.00    9.00     0  python
08:39:01 PM  1000      9082    1.00    1.00    0.00    0.00    2.00    11  client

08:39:01 PM   UID       PID    %usr %system  %guest   %wait    %CPU   CPU  Command
08:39:02 PM  1000      8921    0.00    1.00    0.00    0.00    1.00     6  orca-server-mah
08:39:02 PM  1000      8923    8.00    1.00    0.00    0.00    9.00     0  python
08:39:02 PM  1000      9082    0.00    2.00    0.00    0.00    2.00    10  client

08:39:02 PM   UID       PID    %usr %system  %guest   %wait    %CPU   CPU  Command
08:39:03 PM  1000      8921    1.00    0.00    0.00    0.00    1.00     6  orca-server-mah
08:39:03 PM  1000      8923    8.00    1.00    0.00    0.00    9.00     2  python
08:39:03 PM  1000      9082    1.00    2.00    0.00    0.00    3.00    10  client

08:39:03 PM   UID       PID    %usr %system  %guest   %wait    %CPU   CPU  Command
08:39:04 PM  1000      8921    0.00    1.00    0.00    0.00    1.00     6  orca-server-mah
08:39:04 PM  1000      8923    8.00    1.00    0.00    0.00    9.00     1  python
08:39:04 PM  1000      9082    0.00    3.00    0.00    0.00    3.00    10  client

08:39:04 PM   UID       PID    %usr %system  %guest   %wait    %CPU   CPU  Command
08:39:05 PM  1000      8921    1.00    0.00    0.00    0.00    1.00     6  orca-server-mah
08:39:05 PM  1000      8923    8.00    1.00    0.00    0.00    9.00     1  python
08:39:05 PM  1000      9082    0.00    2.00    0.00    0.00    2.00    10  client

08:39:05 PM   UID       PID    %usr %system  %guest   %wait    %CPU   CPU  Command
08:39:06 PM  1000      8921    0.00    1.00    0.00    0.00    1.00     6  orca-server-mah
08:39:06 PM  1000      8923    8.00    1.00    0.00    0.00    9.00     4  python
08:39:06 PM  1000      9082    1.00    2.00    0.00    0.00    3.00    11  client

08:39:06 PM   UID       PID    %usr %system  %guest   %wait    %CPU   CPU  Command
08:39:07 PM  1000      8923    9.00    0.00    0.00    0.00    9.00     4  python
08:39:07 PM  1000      9082    0.00    2.00    0.00    0.00    2.00    11  client

08:39:07 PM   UID       PID    %usr %system  %guest   %wait    %CPU   CPU  Command
08:39:08 PM  1000      8921    1.00    0.00    0.00    0.00    1.00     6  orca-server-mah
08:39:08 PM  1000      8923    7.00    2.00    0.00    0.00    9.00     4  python
08:39:08 PM  1000      9082    1.00    3.00    0.00    0.00    4.00    10  client

08:39:08 PM   UID       PID    %usr %system  %guest   %wait    %CPU   CPU  Command
08:39:09 PM  1000      8921    1.00    1.00    0.00    0.00    2.00     6  orca-server-mah
08:39:09 PM  1000      8923    8.00    0.00    0.00    0.00    8.00     5  python
08:39:09 PM  1000      9082    0.00    2.00    0.00    0.00    2.00    10  client

08:39:09 PM   UID       PID    %usr %system  %guest   %wait    %CPU   CPU  Command
08:39:10 PM  1000      8923    7.00    2.00    0.00    0.00    9.00     5  python
08:39:10 PM  1000      9082    1.00    2.00    0.00    0.00    3.00    10  client

08:39:10 PM   UID       PID    %usr %system  %guest   %wait    %CPU   CPU  Command
08:39:11 PM  1000      8921    0.00    1.00    0.00    0.00    1.00     6  orca-server-mah
08:39:11 PM  1000      8923    8.00    0.00    0.00    0.00    8.00     4  python
08:39:11 PM  1000      9082    0.00    2.00    0.00    0.00    2.00    10  client

08:39:11 PM   UID       PID    %usr %system  %guest   %wait    %CPU   CPU  Command
08:39:12 PM  1000      8921    1.00    1.00    0.00    0.00    2.00     6  orca-server-mah
08:39:12 PM  1000      8923    6.00    1.00    0.00    0.00    7.00     4  python
08:39:12 PM  1000      9082    1.00    3.00    0.00    0.00    4.00    11  client

08:39:12 PM   UID       PID    %usr %system  %guest   %wait    %CPU   CPU  Command
08:39:13 PM  1000      8921    0.00    1.00    0.00    0.00    1.00     6  orca-server-mah
08:39:13 PM  1000      8923    6.00    1.00    0.00    0.00    7.00     4  python
08:39:13 PM  1000      9082    0.00    3.00    0.00    0.00    3.00    11  client

08:39:13 PM   UID       PID    %usr %system  %guest   %wait    %CPU   CPU  Command
08:39:14 PM  1000      8923    6.00    0.00    0.00    0.00    6.00     4  python
08:39:14 PM  1000      9082    1.00    3.00    0.00    0.00    4.00    11  client

08:39:14 PM   UID       PID    %usr %system  %guest   %wait    %CPU   CPU  Command
08:39:15 PM  1000      8921    1.00    1.00    0.00    0.00    2.00     6  orca-server-mah
08:39:15 PM  1000      8923    4.00    1.00    0.00    0.00    5.00     6  python
08:39:15 PM  1000      9082    0.00    3.00    0.00    0.00    3.00    11  client

08:39:15 PM   UID       PID    %usr %system  %guest   %wait    %CPU   CPU  Command
08:39:16 PM  1000      8921    0.00    1.00    0.00    0.00    1.00     6  orca-server-mah
08:39:16 PM  1000      8923    5.00    0.00    0.00    0.00    5.00     4  python
08:39:16 PM  1000      9082    1.00    3.00    0.00    0.00    4.00    12  client

08:39:16 PM   UID       PID    %usr %system  %guest   %wait    %CPU   CPU  Command
08:39:17 PM  1000      8921    1.00    0.00    0.00    0.00    1.00     6  orca-server-mah
08:39:17 PM  1000      8923    5.00    1.00    0.00    0.00    6.00     4  python
08:39:17 PM  1000      9082    0.00    3.00    0.00    0.00    3.00    12  client

08:39:17 PM   UID       PID    %usr %system  %guest   %wait    %CPU   CPU  Command
08:39:18 PM  1000      8921    0.00    1.00    0.00    0.00    1.00     6  orca-server-mah
08:39:18 PM  1000      8923    4.00    1.00    0.00    0.00    5.00     4  python
08:39:18 PM  1000      9082    1.00    3.00    0.00    0.00    4.00    12  client

08:39:18 PM   UID       PID    %usr %system  %guest   %wait    %CPU   CPU  Command
08:39:19 PM  1000      8921    1.00    0.00    0.00    0.00    1.00     6  orca-server-mah
08:39:19 PM  1000      8923    5.00    0.00    0.00    0.00    5.00     4  python
08:39:19 PM  1000      9082    0.00    4.00    0.00    0.00    4.00    12  client

08:39:19 PM   UID       PID    %usr %system  %guest   %wait    %CPU   CPU  Command
08:39:20 PM  1000      8921    0.00    1.00    0.00    0.00    1.00     6  orca-server-mah
08:39:20 PM  1000      8923    4.00    1.00    0.00    0.00    5.00     4  python
08:39:20 PM  1000      9082    0.00    3.00    0.00    0.00    3.00    12  client

08:39:20 PM   UID       PID    %usr %system  %guest   %wait    %CPU   CPU  Command
08:39:21 PM  1000      8921    0.00    1.00    0.00    0.00    1.00     6  orca-server-mah
08:39:21 PM  1000      8923    5.00    1.00    0.00    0.00    6.00     4  python
08:39:21 PM  1000      9082    0.00    3.00    0.00    0.00    3.00    12  client

08:39:21 PM   UID       PID    %usr %system  %guest   %wait    %CPU   CPU  Command
08:39:22 PM  1000      8921    1.00    0.00    0.00    0.00    1.00     6  orca-server-mah
08:39:22 PM  1000      8923    7.00    0.00    0.00    0.00    7.00     4  python
08:39:22 PM  1000      9082    0.00    1.00    0.00    0.00    1.00    12  client

08:39:22 PM   UID       PID    %usr %system  %guest   %wait    %CPU   CPU  Command
08:39:23 PM  1000      8923    5.00    1.00    0.00    0.00    6.00     6  python
08:39:23 PM  1000      9082    0.00    1.00    0.00    0.00    1.00    12  client

08:39:23 PM   UID       PID    %usr %system  %guest   %wait    %CPU   CPU  Command
08:39:24 PM  1000      8923    6.00    1.00    0.00    0.00    7.00     4  python
08:39:24 PM  1000      9082    1.00    1.00    0.00    0.00    2.00    12  client

08:39:24 PM   UID       PID    %usr %system  %guest   %wait    %CPU   CPU  Command
08:39:25 PM  1000      8921    0.00    1.00    0.00    0.00    1.00     6  orca-server-mah
08:39:25 PM  1000      8923    6.00    0.00    0.00    0.00    6.00     4  python
08:39:25 PM  1000      9082    0.00    1.00    0.00    0.00    1.00    12  client

08:39:25 PM   UID       PID    %usr %system  %guest   %wait    %CPU   CPU  Command
08:39:26 PM  1000      8921    1.00    0.00    0.00    0.00    1.00     6  orca-server-mah
08:39:26 PM  1000      8923    6.00    0.00    0.00    0.00    6.00     4  python
08:39:26 PM  1000      9082    0.00    1.00    0.00    0.00    1.00    12  client

08:39:26 PM   UID       PID    %usr %system  %guest   %wait    %CPU   CPU  Command
08:39:27 PM  1000      8923    5.00    1.00    0.00    0.00    6.00     4  python
08:39:27 PM  1000      9082    0.00    1.00    0.00    0.00    1.00    11  client

08:39:27 PM   UID       PID    %usr %system  %guest   %wait    %CPU   CPU  Command
08:39:28 PM  1000      8923    6.00    1.00    0.00    0.00    7.00     4  python

08:39:28 PM   UID       PID    %usr %system  %guest   %wait    %CPU   CPU  Command
08:39:29 PM  1000      8921    1.00    0.00    0.00    0.00    1.00     6  orca-server-mah
08:39:29 PM  1000      8923    5.00    1.00    0.00    0.00    6.00     4  python
08:39:29 PM  1000      9082    1.00    2.00    0.00    0.00    3.00    12  client

08:39:29 PM   UID       PID    %usr %system  %guest   %wait    %CPU   CPU  Command
08:39:30 PM  1000      8921    0.00    1.00    0.00    0.00    1.00     6  orca-server-mah
08:39:30 PM  1000      8923    6.00    0.00    0.00    0.00    6.00     4  python
08:39:30 PM  1000      9082    0.00    1.00    0.00    0.00    1.00    13  client

08:39:30 PM   UID       PID    %usr %system  %guest   %wait    %CPU   CPU  Command
08:39:31 PM  1000      8923    5.00    1.00    0.00    0.00    6.00     4  python
08:39:31 PM  1000      9082    0.00    1.00    0.00    0.00    1.00    12  client

08:39:31 PM   UID       PID    %usr %system  %guest   %wait    %CPU   CPU  Command
08:39:32 PM  1000      8921    0.00    1.00    0.00    0.00    1.00     6  orca-server-mah
08:39:32 PM  1000      8923    5.00    1.00    0.00    0.00    6.00     4  python
08:39:32 PM  1000      9082    0.00    3.00    0.00    0.00    3.00    12  client

08:39:32 PM   UID       PID    %usr %system  %guest   %wait    %CPU   CPU  Command
08:39:33 PM  1000      8923    4.00    0.00    0.00    0.00    4.00     6  python
08:39:33 PM  1000      9082    0.00    2.00    0.00    0.00    2.00    12  client

08:39:33 PM   UID       PID    %usr %system  %guest   %wait    %CPU   CPU  Command
08:39:34 PM  1000      8921    1.00    1.00    0.00    0.00    2.00     6  orca-server-mah
08:39:34 PM  1000      8923    5.00    1.00    0.00    0.00    6.00     6  python
08:39:34 PM  1000      9082    1.00    2.00    0.00    0.00    3.00    12  client

08:39:34 PM   UID       PID    %usr %system  %guest   %wait    %CPU   CPU  Command
08:39:35 PM  1000      8923    4.00    0.00    0.00    0.00    4.00     6  python
08:39:35 PM  1000      9082    0.00    2.00    0.00    0.00    2.00    12  client

08:39:35 PM   UID       PID    %usr %system  %guest   %wait    %CPU   CPU  Command
08:39:36 PM  1000      8921    0.00    1.00    0.00    0.00    1.00     6  orca-server-mah
08:39:36 PM  1000      8923    5.00    1.00    0.00    0.00    6.00     6  python
08:39:36 PM  1000      9082    0.00    3.00    0.00    0.00    3.00    15  client

08:39:36 PM   UID       PID    %usr %system  %guest   %wait    %CPU   CPU  Command
08:39:37 PM  1000      8921    1.00    0.00    0.00    0.00    1.00     6  orca-server-mah
08:39:37 PM  1000      8923    4.00    0.00    0.00    0.00    4.00     6  python
08:39:37 PM  1000      9082    0.00    3.00    0.00    0.00    3.00    15  client

08:39:37 PM   UID       PID    %usr %system  %guest   %wait    %CPU   CPU  Command
08:39:38 PM  1000      8923    4.00    1.00    0.00    0.00    5.00     6  python
08:39:38 PM  1000      9082    0.00    3.00    0.00    0.00    3.00    15  client

08:39:38 PM   UID       PID    %usr %system  %guest   %wait    %CPU   CPU  Command
08:39:39 PM  1000      8923    5.00    0.00    0.00    0.00    5.00     6  python
08:39:39 PM  1000      9082    1.00    2.00    0.00    0.00    3.00    13  client

08:39:39 PM   UID       PID    %usr %system  %guest   %wait    %CPU   CPU  Command
08:39:40 PM  1000      8921    1.00    1.00    0.00    0.00    2.00     6  orca-server-mah
08:39:40 PM  1000      8923    5.00    1.00    0.00    0.00    6.00     6  python
08:39:40 PM  1000      9082    0.00    3.00    0.00    1.00    3.00    13  client

08:39:40 PM   UID       PID    %usr %system  %guest   %wait    %CPU   CPU  Command
08:39:41 PM  1000      8923    4.00    0.00    0.00    0.00    4.00     6  python
08:39:41 PM  1000      9082    0.00    3.00    0.00    0.00    3.00    13  client

08:39:41 PM   UID       PID    %usr %system  %guest   %wait    %CPU   CPU  Command
08:39:42 PM  1000      8921    1.00    1.00    0.00    0.00    2.00     6  orca-server-mah
08:39:42 PM  1000      8923    4.00    1.00    0.00    0.00    5.00     4  python
08:39:42 PM  1000      9082    1.00    3.00    0.00    0.00    4.00    13  client

08:39:42 PM   UID       PID    %usr %system  %guest   %wait    %CPU   CPU  Command
08:39:43 PM  1000      8923    5.00    0.00    0.00    0.00    5.00     6  python
08:39:43 PM  1000      9082    0.00    4.00    0.00    0.00    4.00    13  client

08:39:43 PM   UID       PID    %usr %system  %guest   %wait    %CPU   CPU  Command
08:39:44 PM  1000      8921    1.00    1.00    0.00    0.00    2.00     6  orca-server-mah
08:39:44 PM  1000      8923    4.00    1.00    0.00    0.00    5.00     6  python
08:39:44 PM  1000      9082    0.00    3.00    0.00    0.00    3.00    13  client

08:39:44 PM   UID       PID    %usr %system  %guest   %wait    %CPU   CPU  Command
08:39:45 PM  1000      8923    5.00    0.00    0.00    0.00    5.00     6  python
08:39:45 PM  1000      9082    0.00    4.00    0.00    0.00    4.00    13  client

08:39:45 PM   UID       PID    %usr %system  %guest   %wait    %CPU   CPU  Command
08:39:46 PM  1000      8921    0.00    1.00    0.00    0.00    1.00     6  orca-server-mah
08:39:46 PM  1000      8923    5.00    0.00    0.00    0.00    5.00     6  python
08:39:46 PM  1000      9082    1.00    3.00    0.00    0.00    4.00    13  client

08:39:46 PM   UID       PID    %usr %system  %guest   %wait    %CPU   CPU  Command
08:39:47 PM  1000      8921    1.00    0.00    0.00    0.00    1.00     6  orca-server-mah
08:39:47 PM  1000      8923    4.00    1.00    0.00    0.00    5.00     6  python
08:39:47 PM  1000      9082    0.00    3.00    0.00    0.00    3.00    15  client

08:39:47 PM   UID       PID    %usr %system  %guest   %wait    %CPU   CPU  Command
08:39:48 PM  1000      8921    0.00    1.00    0.00    0.00    1.00     6  orca-server-mah
08:39:48 PM  1000      8923    5.00    0.00    0.00    0.00    5.00     6  python
08:39:48 PM  1000      9082    0.00    4.00    0.00    0.00    4.00    13  client

08:39:48 PM   UID       PID    %usr %system  %guest   %wait    %CPU   CPU  Command
08:39:49 PM  1000      8921    1.00    1.00    0.00    0.00    2.00     6  orca-server-mah
08:39:49 PM  1000      8923    4.00    1.00    0.00    0.00    5.00     6  python
08:39:49 PM  1000      9082    0.00    3.00    0.00    0.00    3.00    13  client

08:39:49 PM   UID       PID    %usr %system  %guest   %wait    %CPU   CPU  Command
08:39:50 PM  1000      8923    5.00    0.00    0.00    0.00    5.00     6  python
08:39:50 PM  1000      9082    1.00    3.00    0.00    0.00    4.00    13  client

08:39:50 PM   UID       PID    %usr %system  %guest   %wait    %CPU   CPU  Command
08:39:51 PM  1000      8921    1.00    1.00    0.00    0.00    2.00     6  orca-server-mah
08:39:51 PM  1000      8923    6.00    0.00    0.00    0.00    6.00     6  python
08:39:51 PM  1000      9082    0.00    3.00    0.00    0.00    3.00    13  client

08:39:51 PM   UID       PID    %usr %system  %guest   %wait    %CPU   CPU  Command
08:39:52 PM  1000      8923    5.00    1.00    0.00    0.00    6.00     6  python
08:39:52 PM  1000      9082    0.00    1.00    0.00    0.00    1.00    13  client

08:39:52 PM   UID       PID    %usr %system  %guest   %wait    %CPU   CPU  Command
08:39:53 PM  1000      8923    2.00    0.00    0.00    0.00    2.00     6  python
08:39:53 PM  1000      9082    0.00    2.00    0.00    0.00    2.00    13  client

08:39:53 PM   UID       PID    %usr %system  %guest   %wait    %CPU   CPU  Command
08:39:54 PM  1000      8923    1.00    0.00    0.00    0.00    1.00     6  python

Average:      UID       PID    %usr %system  %guest   %wait    %CPU   CPU  Command
Average:     1000      8923    5.80    0.63    0.00    0.00    6.43     -  python
