--- Results for all_mod ---
Average Total CPU Usage: 3.15% (of one core)
  - User Space (Agent/Server): 3.15%
  - Kernel Space (TCP Stack):  0.00%
Log saved to cpu_all_mod.log

Linux 6.16.4-g6a84fbc45f49 (ubuntu) 	11/30/2025 	_x86_64_	(16 CPU)

08:47:22 PM   UID       PID    %usr %system  %guest   %wait    %CPU   CPU  Command
08:47:23 PM  1000      9707    0.00    0.99    0.00    0.00    0.99     4  orca-server-mah
08:47:23 PM  1000      9709    7.92    0.99    0.00    0.00    8.91     3  python
08:47:23 PM  1000      9856    0.00    0.99    0.00    0.00    0.99     4  client

08:47:23 PM   UID       PID    %usr %system  %guest   %wait    %CPU   CPU  Command
08:47:24 PM  1000      9709    8.00    1.00    0.00    0.00    9.00     5  python

08:47:24 PM   UID       PID    %usr %system  %guest   %wait    %CPU   CPU  Command
08:47:25 PM  1000      9707    1.00    0.00    0.00    0.00    1.00     4  orca-server-mah
08:47:25 PM  1000      9709    7.00    1.00    0.00    0.00    8.00     5  python
08:47:25 PM  1000      9856    0.00    1.00    0.00    0.00    1.00    14  client

08:47:25 PM   UID       PID    %usr %system  %guest   %wait    %CPU   CPU  Command
08:47:26 PM  1000      9707    0.00    1.00    0.00    0.00    1.00     4  orca-server-mah
08:47:26 PM  1000      9709    7.00    1.00    0.00    0.00    8.00     5  python
08:47:26 PM  1000      9856    1.00    1.00    0.00    0.00    2.00    13  client

08:47:26 PM   UID       PID    %usr %system  %guest   %wait    %CPU   CPU  Command
08:47:27 PM  1000      9707    0.00    1.00    0.00    0.00    1.00     4  orca-server-mah
08:47:27 PM  1000      9709    7.00    2.00    0.00    0.00    9.00     5  python
08:47:27 PM  1000      9856    0.00    1.00    0.00    0.00    1.00    13  client

08:47:27 PM   UID       PID    %usr %system  %guest   %wait    %CPU   CPU  Command
08:47:28 PM  1000      9709    8.00    1.00    0.00    0.00    9.00     9  python

08:47:28 PM   UID       PID    %usr %system  %guest   %wait    %CPU   CPU  Command
08:47:29 PM  1000      9707    1.00    0.00    0.00    0.00    1.00     4  orca-server-mah
08:47:29 PM  1000      9709    9.00    0.00    0.00    0.00    9.00    11  python
08:47:29 PM  1000      9856    0.00    1.00    0.00    0.00    1.00    13  client

08:47:29 PM   UID       PID    %usr %system  %guest   %wait    %CPU   CPU  Command
08:47:30 PM  1000      9709    7.00    1.00    0.00    0.00    8.00    13  python
08:47:30 PM  1000      9856    1.00    2.00    0.00    0.00    3.00     7  client

08:47:30 PM   UID       PID    %usr %system  %guest   %wait    %CPU   CPU  Command
08:47:31 PM  1000      9707    0.00    1.00    0.00    0.00    1.00     4  orca-server-mah
08:47:31 PM  1000      9709    7.00    1.00    0.00    0.00    8.00    13  python
08:47:31 PM  1000      9856    0.00    2.00    0.00    0.00    2.00     8  client

08:47:31 PM   UID       PID    %usr %system  %guest   %wait    %CPU   CPU  Command
08:47:32 PM  1000      9709    7.00    1.00    0.00    0.00    8.00    13  python
08:47:32 PM  1000      9856    0.00    2.00    0.00    0.00    2.00     8  client

08:47:32 PM   UID       PID    %usr %system  %guest   %wait    %CPU   CPU  Command
08:47:33 PM  1000      9707    1.00    0.00    0.00    0.00    1.00     4  orca-server-mah
08:47:33 PM  1000      9709    8.00    0.00    0.00    0.00    8.00    13  python
08:47:33 PM  1000      9856    0.00    2.00    0.00    0.00    2.00    13  client

08:47:33 PM   UID       PID    %usr %system  %guest   %wait    %CPU   CPU  Command
08:47:34 PM  1000      9707    0.00    1.00    0.00    0.00    1.00     4  orca-server-mah
08:47:34 PM  1000      9709    7.00    1.00    0.00    0.00    8.00    13  python
08:47:34 PM  1000      9856    0.00    2.00    0.00    0.00    2.00    14  client

08:47:34 PM   UID       PID    %usr %system  %guest   %wait    %CPU   CPU  Command
08:47:35 PM  1000      9709    8.00    0.00    0.00    0.00    8.00    13  python
08:47:35 PM  1000      9856    0.00    3.00    0.00    0.00    3.00    14  client

08:47:35 PM   UID       PID    %usr %system  %guest   %wait    %CPU   CPU  Command
08:47:36 PM  1000      9707    1.00    1.00    0.00    0.00    2.00     4  orca-server-mah
08:47:36 PM  1000      9709    6.00    1.00    0.00    0.00    7.00    13  python
08:47:36 PM  1000      9856    2.00    1.00    0.00    0.00    3.00     9  client

08:47:36 PM   UID       PID    %usr %system  %guest   %wait    %CPU   CPU  Command
08:47:37 PM  1000      9709    5.00    1.00    0.00    0.00    6.00    11  python
08:47:37 PM  1000      9856    0.00    2.00    0.00    0.00    2.00    10  client

08:47:37 PM   UID       PID    %usr %system  %guest   %wait    %CPU   CPU  Command
08:47:38 PM  1000      9707    0.00    1.00    0.00    0.00    1.00     4  orca-server-mah
08:47:38 PM  1000      9709    5.00    1.00    0.00    0.00    6.00    13  python
08:47:38 PM  1000      9856    0.00    2.00    0.00    0.00    2.00    10  client

08:47:38 PM   UID       PID    %usr %system  %guest   %wait    %CPU   CPU  Command
08:47:39 PM  1000      9709    3.00    0.00    0.00    0.00    3.00    13  python
08:47:39 PM  1000      9856    0.00    2.00    0.00    0.00    2.00     0  client

08:47:39 PM   UID       PID    %usr %system  %guest   %wait    %CPU   CPU  Command
08:47:40 PM  1000      9707    0.00    1.00    0.00    0.00    1.00     4  orca-server-mah
08:47:40 PM  1000      9709    4.00    1.00    0.00    0.00    5.00    13  python
08:47:40 PM  1000      9856    0.00    3.00    0.00    0.00    3.00    10  client

08:47:40 PM   UID       PID    %usr %system  %guest   %wait    %CPU   CPU  Command
08:47:41 PM  1000      9707    1.00    0.00    0.00    0.00    1.00     4  orca-server-mah
08:47:41 PM  1000      9709    4.00    0.00    0.00    0.00    4.00    13  python
08:47:41 PM  1000      9856    1.00    3.00    0.00    0.00    4.00     0  client

08:47:41 PM   UID       PID    %usr %system  %guest   %wait    %CPU   CPU  Command
08:47:42 PM  1000      9707    0.00    1.00    0.00    0.00    1.00     4  orca-server-mah
08:47:42 PM  1000      9709    4.00    0.00    0.00    0.00    4.00    13  python
08:47:42 PM  1000      9856    0.00    3.00    0.00    0.00    3.00     1  client

08:47:42 PM   UID       PID    %usr %system  %guest   %wait    %CPU   CPU  Command
08:47:43 PM  1000      9709    4.00    1.00    0.00    0.00    5.00    11  python
08:47:43 PM  1000      9856    0.00    3.00    0.00    0.00    3.00     0  client

08:47:43 PM   UID       PID    %usr %system  %guest   %wait    %CPU   CPU  Command
08:47:44 PM  1000      9707    1.00    1.00    0.00    0.00    2.00     4  orca-server-mah
08:47:44 PM  1000      9709    4.00    0.00    0.00    0.00    4.00    11  python
08:47:44 PM  1000      9856    0.00    4.00    0.00    0.00    4.00     0  client

08:47:44 PM   UID       PID    %usr %system  %guest   %wait    %CPU   CPU  Command
08:47:45 PM  1000      9709    4.00    1.00    0.00    0.00    5.00    11  python
08:47:45 PM  1000      9856    1.00    2.00    0.00    0.00    3.00     0  client

08:47:45 PM   UID       PID    %usr %system  %guest   %wait    %CPU   CPU  Command
08:47:46 PM  1000      9707    1.00    1.00    0.00    0.00    2.00     4  orca-server-mah
08:47:46 PM  1000      9709    5.00    0.00    0.00    0.00    5.00    13  python
08:47:46 PM  1000      9856    0.00    3.00    0.00    0.00    3.00     0  client

08:47:46 PM   UID       PID    %usr %system  %guest   %wait    %CPU   CPU  Command
08:47:47 PM  1000      9707    0.00    1.00    0.00    0.00    1.00     4  orca-server-mah
08:47:47 PM  1000      9709    5.00    0.00    0.00    0.00    5.00    11  python
08:47:47 PM  1000      9856    1.00    3.00    0.00    0.00    4.00     0  client

08:47:47 PM   UID       PID    %usr %system  %guest   %wait    %CPU   CPU  Command
08:47:48 PM  1000      9709    4.00    1.00    0.00    0.00    5.00    11  python
08:47:48 PM  1000      9856    0.00    3.00    0.00    0.00    3.00     0  client

08:47:48 PM   UID       PID    %usr %system  %guest   %wait    %CPU   CPU  Command
08:47:49 PM  1000      9707    0.00    1.00    0.00    0.00    1.00     4  orca-server-mah
08:47:49 PM  1000      9709    4.00    0.00    0.00    0.00    4.00    12  python
08:47:49 PM  1000      9856    0.00    4.00    0.00    0.00    4.00     1  client

08:47:49 PM   UID       PID    %usr %system  %guest   %wait    %CPU   CPU  Command
08:47:50 PM  1000      9707    1.00    0.00    0.00    0.00    1.00     4  orca-server-mah
08:47:50 PM  1000      9709    6.00    1.00    0.00    0.00    7.00    12  python
08:47:50 PM  1000      9856    0.00    1.00    0.00    0.00    1.00     1  client

08:47:50 PM   UID       PID    %usr %system  %guest   %wait    %CPU   CPU  Command
08:47:51 PM  1000      9707    0.00    1.00    0.00    0.00    1.00     4  orca-server-mah
08:47:51 PM  1000      9709    5.00    1.00    0.00    0.00    6.00    12  python
08:47:51 PM  1000      9856    0.00    1.00    0.00    0.00    1.00     0  client

08:47:51 PM   UID       PID    %usr %system  %guest   %wait    %CPU   CPU  Command
08:47:52 PM  1000      9709    6.00    0.00    0.00    0.00    6.00    13  python
08:47:52 PM  1000      9856    1.00    1.00    0.00    0.00    2.00     0  client

08:47:52 PM   UID       PID    %usr %system  %guest   %wait    %CPU   CPU  Command
08:47:53 PM  1000      9707    0.00    1.00    0.00    0.00    1.00     4  orca-server-mah
08:47:53 PM  1000      9709    5.00    1.00    0.00    0.00    6.00    13  python
08:47:53 PM  1000      9856    0.00    1.00    0.00    0.00    1.00     1  client

08:47:53 PM   UID       PID    %usr %system  %guest   %wait    %CPU   CPU  Command
08:47:55 PM  1000      9709    6.00    0.00    0.00    0.00    6.00    12  python
08:47:55 PM  1000      9856    0.00    1.00    0.00    0.00    1.00     1  client

08:47:55 PM   UID       PID    %usr %system  %guest   %wait    %CPU   CPU  Command
08:47:56 PM  1000      9709    5.00    1.00    0.00    0.00    6.00    13  python
08:47:56 PM  1000      9856    0.00    1.00    0.00    0.00    1.00     2  client

08:47:56 PM   UID       PID    %usr %system  %guest   %wait    %CPU   CPU  Command
08:47:57 PM  1000      9707    1.00    0.00    0.00    0.00    1.00     4  orca-server-mah
08:47:57 PM  1000      9709    5.00    1.00    0.00    0.00    6.00    12  python
08:47:57 PM  1000      9856    0.00    2.00    0.00    0.00    2.00     1  client

08:47:57 PM   UID       PID    %usr %system  %guest   %wait    %CPU   CPU  Command
08:47:58 PM  1000      9709    5.00    1.00    0.00    0.00    6.00    12  python
08:47:58 PM  1000      9856    0.00    1.00    0.00    0.00    1.00     9  client

08:47:58 PM   UID       PID    %usr %system  %guest   %wait    %CPU   CPU  Command
08:47:59 PM  1000      9707    0.00    1.00    0.00    0.00    1.00     4  orca-server-mah
08:47:59 PM  1000      9709    6.00    0.00    0.00    0.00    6.00    13  python
08:47:59 PM  1000      9856    1.00    1.00    0.00    0.00    2.00     1  client

08:47:59 PM   UID       PID    %usr %system  %guest   %wait    %CPU   CPU  Command
08:48:00 PM  1000      9709    5.00    1.00    0.00    0.00    6.00    13  python

08:48:00 PM   UID       PID    %usr %system  %guest   %wait    %CPU   CPU  Command
08:48:01 PM  1000      9707    1.00    0.00    0.00    0.00    1.00     4  orca-server-mah
08:48:01 PM  1000      9709    5.00    0.00    0.00    0.00    5.00    13  python
08:48:01 PM  1000      9856    1.00    3.00    0.00    0.00    4.00     2  client

08:48:01 PM   UID       PID    %usr %system  %guest   %wait    %CPU   CPU  Command
08:48:02 PM  1000      9707    0.00    1.00    0.00    0.00    1.00     4  orca-server-mah
08:48:02 PM  1000      9709    5.00    0.00    0.00    0.00    5.00    13  python
08:48:02 PM  1000      9856    0.00    3.00    0.00    0.00    3.00     2  client

08:48:02 PM   UID       PID    %usr %system  %guest   %wait    %CPU   CPU  Command
08:48:03 PM  1000      9709    4.00    1.00    0.00    0.00    5.00    13  python
08:48:03 PM  1000      9856    1.00    3.00    0.00    0.00    4.00     9  client

08:48:03 PM   UID       PID    %usr %system  %guest   %wait    %CPU   CPU  Command
08:48:04 PM  1000      9707    1.00    0.00    0.00    0.00    1.00     4  orca-server-mah
08:48:04 PM  1000      9709    4.00    0.00    0.00    0.00    4.00    13  python
08:48:04 PM  1000      9856    0.00    3.00    0.00    0.00    3.00     9  client

08:48:04 PM   UID       PID    %usr %system  %guest   %wait    %CPU   CPU  Command
08:48:05 PM  1000      9709    4.00    0.00    0.00    0.00    4.00    13  python
08:48:05 PM  1000      9856    0.00    3.00    0.00    0.00    3.00     2  client

08:48:05 PM   UID       PID    %usr %system  %guest   %wait    %CPU   CPU  Command
08:48:06 PM  1000      9707    1.00    0.00    0.00    0.00    1.00     4  orca-server-mah
08:48:06 PM  1000      9709    5.00    1.00    0.00    0.00    6.00    13  python
08:48:06 PM  1000      9856    0.00    3.00    0.00    0.00    3.00     2  client

08:48:06 PM   UID       PID    %usr %system  %guest   %wait    %CPU   CPU  Command
08:48:07 PM  1000      9707    0.00    1.00    0.00    0.00    1.00     4  orca-server-mah
08:48:07 PM  1000      9709    4.00    0.00    0.00    0.00    4.00    14  python
08:48:07 PM  1000      9856    0.00    3.00    0.00    0.00    3.00     2  client

08:48:07 PM   UID       PID    %usr %system  %guest   %wait    %CPU   CPU  Command
08:48:08 PM  1000      9709    5.00    1.00    0.00    0.00    6.00    13  python
08:48:08 PM  1000      9856    1.00    2.00    0.00    0.00    3.00     2  client

08:48:08 PM   UID       PID    %usr %system  %guest   %wait    %CPU   CPU  Command
08:48:09 PM  1000      9707    0.00    1.00    0.00    0.00    1.00     4  orca-server-mah
08:48:09 PM  1000      9709    4.00    0.00    0.00    0.00    4.00    14  python
08:48:09 PM  1000      9856    0.00    3.00    0.00    1.00    3.00     2  client

08:48:09 PM   UID       PID    %usr %system  %guest   %wait    %CPU   CPU  Command
08:48:10 PM  1000      9709    5.00    1.00    0.00    0.00    6.00    14  python
08:48:10 PM  1000      9856    0.00    2.00    0.00    0.00    2.00     2  client

08:48:10 PM   UID       PID    %usr %system  %guest   %wait    %CPU   CPU  Command
08:48:11 PM  1000      9707    0.00    1.00    0.00    0.00    1.00     4  orca-server-mah
08:48:11 PM  1000      9709    5.00    0.00    0.00    0.00    5.00    14  python
08:48:11 PM  1000      9856    1.00    3.00    0.00    0.00    4.00     2  client

08:48:11 PM   UID       PID    %usr %system  %guest   %wait    %CPU   CPU  Command
08:48:12 PM  1000      9707    0.00    1.00    0.00    0.00    1.00     4  orca-server-mah
08:48:12 PM  1000      9709    4.00    0.00    0.00    0.00    4.00    14  python
08:48:12 PM  1000      9856    0.00    4.00    0.00    0.00    4.00     2  client

08:48:12 PM   UID       PID    %usr %system  %guest   %wait    %CPU   CPU  Command
08:48:13 PM  1000      9707    1.00    0.00    0.00    0.00    1.00     4  orca-server-mah
08:48:13 PM  1000      9709    4.00    0.00    0.00    0.00    4.00    14  python
08:48:13 PM  1000      9856    1.00    3.00    0.00    0.00    4.00     2  client

08:48:13 PM   UID       PID    %usr %system  %guest   %wait    %CPU   CPU  Command
08:48:14 PM  1000      9707    0.00    1.00    0.00    0.00    1.00     4  orca-server-mah
08:48:14 PM  1000      9709    4.00    1.00    0.00    0.00    5.00    14  python
08:48:14 PM  1000      9856    0.00    3.00    0.00    0.00    3.00     2  client

08:48:14 PM   UID       PID    %usr %system  %guest   %wait    %CPU   CPU  Command
08:48:15 PM  1000      9707    1.00    0.00    0.00    0.00    1.00     4  orca-server-mah
08:48:15 PM  1000      9709    4.00    0.00    0.00    0.00    4.00    14  python
08:48:15 PM  1000      9856    1.00    3.00    0.00    0.00    4.00     2  client

08:48:15 PM   UID       PID    %usr %system  %guest   %wait    %CPU   CPU  Command
08:48:16 PM  1000      9707    0.00    1.00    0.00    0.00    1.00     4  orca-server-mah
08:48:16 PM  1000      9709    5.00    1.00    0.00    0.00    6.00    14  python
08:48:16 PM  1000      9856    0.00    4.00    0.00    0.00    4.00     9  client

08:48:16 PM   UID       PID    %usr %system  %guest   %wait    %CPU   CPU  Command
08:48:17 PM  1000      9707    0.00    1.00    0.00    0.00    1.00     4  orca-server-mah
08:48:17 PM  1000      9709    4.00    0.00    0.00    0.00    4.00    14  python
08:48:17 PM  1000      9856    0.00    3.00    0.00    0.00    3.00     2  client

08:48:17 PM   UID       PID    %usr %system  %guest   %wait    %CPU   CPU  Command
08:48:18 PM  1000      9709    4.00    0.00    0.00    0.00    4.00    14  python
08:48:18 PM  1000      9856    1.00    3.00    0.00    0.00    4.00     9  client

08:48:18 PM   UID       PID    %usr %system  %guest   %wait    %CPU   CPU  Command
08:48:19 PM  1000      9707    1.00    0.00    0.00    0.00    1.00     4  orca-server-mah
08:48:19 PM  1000      9709    4.00    1.00    0.00    0.00    5.00    14  python
08:48:19 PM  1000      9856    0.00    4.00    0.00    0.00    4.00     2  client

08:48:19 PM   UID       PID    %usr %system  %guest   %wait    %CPU   CPU  Command
08:48:20 PM  1000      9707    0.00    1.00    0.00    0.00    1.00     4  orca-server-mah
08:48:20 PM  1000      9709    4.00    0.00    0.00    0.00    4.00    15  python
08:48:20 PM  1000      9856    0.00    3.00    0.00    0.00    3.00     9  client

08:48:20 PM   UID       PID    %usr %system  %guest   %wait    %CPU   CPU  Command
08:48:21 PM  1000      9709    6.00    1.00    0.00    0.00    7.00    15  python
08:48:21 PM  1000      9856    0.00    1.00    0.00    0.00    1.00     2  client

08:48:21 PM   UID       PID    %usr %system  %guest   %wait    %CPU   CPU  Command
08:48:22 PM  1000      9709    1.00    1.00    0.00    0.00    2.00    15  python
08:48:22 PM  1000      9856    0.00    1.00    0.00    0.00    1.00     2  client

08:48:22 PM   UID       PID    %usr %system  %guest   %wait    %CPU   CPU  Command
08:48:23 PM  1000      9709    1.00    0.00    0.00    0.00    1.00    14  python
08:48:23 PM  1000      9856    1.00    1.00    0.00    0.00    2.00     9  client

Average:      UID       PID    %usr %system  %guest   %wait    %CPU   CPU  Command
Average:     1000      9709    5.13    0.57    0.00    0.00    5.70     -  python
Average:     1000      9856    0.28    2.17    0.00    0.02    2.45     -  client
