--- Results for reward ---
Average Total CPU Usage: 3.43% (of one core)
  - User Space (Agent/Server): 3.43%
  - Kernel Space (TCP Stack):  0.00%
Log saved to cpu_reward.log

Linux 6.16.4-g6a84fbc45f49 (ubuntu) 	11/30/2025 	_x86_64_	(16 CPU)

08:41:38 PM   UID       PID    %usr %system  %guest   %wait    %CPU   CPU  Command
08:41:39 PM  1000      9158    1.00    1.00    0.00    0.00    2.00     9  orca-server-mah
08:41:39 PM  1000      9160    9.00    1.00    0.00    0.00   10.00     0  python
08:41:39 PM  1000      9319    0.00    2.00    0.00    0.00    2.00     6  client

08:41:39 PM   UID       PID    %usr %system  %guest   %wait    %CPU   CPU  Command
08:41:40 PM  1000      9160    8.00    2.00    0.00    0.00   10.00     2  python
08:41:40 PM  1000      9319    0.00    1.00    0.00    0.00    1.00     7  client

08:41:40 PM   UID       PID    %usr %system  %guest   %wait    %CPU   CPU  Command
08:41:41 PM  1000      9158    1.00    0.00    0.00    0.00    1.00     9  orca-server-mah
08:41:41 PM  1000      9160    8.00    1.00    0.00    0.00    9.00     2  python
08:41:41 PM  1000      9319    0.00    1.00    0.00    0.00    1.00     6  client

08:41:41 PM   UID       PID    %usr %system  %guest   %wait    %CPU   CPU  Command
08:41:42 PM  1000      9160    9.00    1.00    0.00    0.00   10.00     2  python
08:41:42 PM  1000      9319    0.00    1.00    0.00    0.00    1.00     6  client

08:41:42 PM   UID       PID    %usr %system  %guest   %wait    %CPU   CPU  Command
08:41:43 PM  1000      9158    1.00    0.00    0.00    0.00    1.00     9  orca-server-mah
08:41:43 PM  1000      9160    8.00    1.00    0.00    0.00    9.00     4  python
08:41:43 PM  1000      9319    0.00    2.00    0.00    0.00    2.00     6  client

08:41:43 PM   UID       PID    %usr %system  %guest   %wait    %CPU   CPU  Command
08:41:44 PM  1000      9158    0.00    0.99    0.00    0.00    0.99     9  orca-server-mah
08:41:44 PM  1000      9160    8.91    0.99    0.00    0.00    9.90     4  python
08:41:44 PM  1000      9319    0.00    0.99    0.00    0.00    0.99    11  client

08:41:44 PM   UID       PID    %usr %system  %guest   %wait    %CPU   CPU  Command
08:41:45 PM  1000      9160    8.00    2.00    0.00    0.00   10.00     4  python
08:41:45 PM  1000      9319    1.00    0.00    0.00    0.00    1.00    11  client

08:41:45 PM   UID       PID    %usr %system  %guest   %wait    %CPU   CPU  Command
08:41:46 PM  1000      9158    1.00    0.00    0.00    0.00    1.00     9  orca-server-mah
08:41:46 PM  1000      9160    7.00    1.00    0.00    0.00    8.00     4  python
08:41:46 PM  1000      9319    1.00    3.00    0.00    0.00    4.00    11  client

08:41:46 PM   UID       PID    %usr %system  %guest   %wait    %CPU   CPU  Command
08:41:47 PM  1000      9158    0.00    1.00    0.00    0.00    1.00     9  orca-server-mah
08:41:47 PM  1000      9160    8.00    0.00    0.00    0.00    8.00     0  python
08:41:47 PM  1000      9319    0.00    2.00    0.00    0.00    2.00    11  client

08:41:47 PM   UID       PID    %usr %system  %guest   %wait    %CPU   CPU  Command
08:41:48 PM  1000      9158    1.00    0.00    0.00    0.00    1.00     9  orca-server-mah
08:41:48 PM  1000      9160    9.00    1.00    0.00    0.00   10.00     0  python
08:41:48 PM  1000      9319    0.00    2.00    0.00    0.00    2.00    11  client

08:41:48 PM   UID       PID    %usr %system  %guest   %wait    %CPU   CPU  Command
08:41:49 PM  1000      9158    0.00    1.00    0.00    0.00    1.00     9  orca-server-mah
08:41:49 PM  1000      9160    8.00    1.00    0.00    0.00    9.00     3  python
08:41:49 PM  1000      9319    1.00    2.00    0.00    0.00    3.00    11  client

08:41:49 PM   UID       PID    %usr %system  %guest   %wait    %CPU   CPU  Command
08:41:50 PM  1000      9158    0.00    1.00    0.00    0.00    1.00     9  orca-server-mah
08:41:50 PM  1000      9160    8.00    1.00    0.00    0.00    9.00     3  python
08:41:50 PM  1000      9319    0.00    3.00    0.00    0.00    3.00    11  client

08:41:50 PM   UID       PID    %usr %system  %guest   %wait    %CPU   CPU  Command
08:41:51 PM  1000      9158    1.00    0.00    0.00    0.00    1.00     9  orca-server-mah
08:41:51 PM  1000      9160    7.00    1.00    0.00    0.00    8.00     3  python
08:41:51 PM  1000      9319    1.00    2.00    0.00    0.00    3.00     7  client

08:41:51 PM   UID       PID    %usr %system  %guest   %wait    %CPU   CPU  Command
08:41:52 PM  1000      9160    9.00    1.00    0.00    0.00   10.00     3  python
08:41:52 PM  1000      9319    0.00    2.00    0.00    0.00    2.00     9  client

08:41:52 PM   UID       PID    %usr %system  %guest   %wait    %CPU   CPU  Command
08:41:53 PM  1000      9158    1.00    1.00    0.00    0.00    2.00     9  orca-server-mah
08:41:53 PM  1000      9160    8.00    1.00    0.00    0.00    9.00     3  python
08:41:53 PM  1000      9319    0.00    3.00    0.00    0.00    3.00     9  client

08:41:53 PM   UID       PID    %usr %system  %guest   %wait    %CPU   CPU  Command
08:41:54 PM  1000      9160    7.00    1.00    0.00    0.00    8.00     3  python
08:41:54 PM  1000      9319    1.00    2.00    0.00    0.00    3.00    10  client

08:41:54 PM   UID       PID    %usr %system  %guest   %wait    %CPU   CPU  Command
08:41:55 PM  1000      9158    1.00    1.00    0.00    0.00    2.00     9  orca-server-mah
08:41:55 PM  1000      9160    7.00    2.00    0.00    0.00    9.00     3  python
08:41:55 PM  1000      9319    0.00    2.00    0.00    0.00    2.00     7  client

08:41:55 PM   UID       PID    %usr %system  %guest   %wait    %CPU   CPU  Command
08:41:56 PM  1000      9158    1.00    0.00    0.00    0.00    1.00     9  orca-server-mah
08:41:56 PM  1000      9160    7.00    0.00    0.00    0.00    7.00     5  python
08:41:56 PM  1000      9319    0.00    3.00    0.00    0.00    3.00    10  client

08:41:56 PM   UID       PID    %usr %system  %guest   %wait    %CPU   CPU  Command
08:41:57 PM  1000      9160    6.00    1.00    0.00    0.00    7.00     6  python
08:41:57 PM  1000      9319    1.00    3.00    0.00    0.00    4.00    10  client

08:41:57 PM   UID       PID    %usr %system  %guest   %wait    %CPU   CPU  Command
08:41:58 PM  1000      9158    1.00    1.00    0.00    0.00    2.00     9  orca-server-mah
08:41:58 PM  1000      9160    4.00    1.00    0.00    0.00    5.00     6  python
08:41:58 PM  1000      9319    0.00    5.00    0.00    0.00    5.00     7  client

08:41:58 PM   UID       PID    %usr %system  %guest   %wait    %CPU   CPU  Command
08:41:59 PM  1000      9160    4.00    0.00    0.00    0.00    4.00     6  python
08:41:59 PM  1000      9319    0.00    4.00    0.00    0.00    4.00    11  client

08:41:59 PM   UID       PID    %usr %system  %guest   %wait    %CPU   CPU  Command
08:42:00 PM  1000      9158    1.00    1.00    0.00    0.00    2.00     9  orca-server-mah
08:42:00 PM  1000      9160    4.00    0.00    0.00    0.00    4.00     6  python
08:42:00 PM  1000      9319    0.00    3.00    0.00    0.00    3.00     7  client

08:42:00 PM   UID       PID    %usr %system  %guest   %wait    %CPU   CPU  Command
08:42:01 PM  1000      9158    0.00    1.00    0.00    0.00    1.00     9  orca-server-mah
08:42:01 PM  1000      9160    5.00    1.00    0.00    0.00    6.00     6  python
08:42:01 PM  1000      9319    0.00    3.00    0.00    0.00    3.00     7  client

08:42:01 PM   UID       PID    %usr %system  %guest   %wait    %CPU   CPU  Command
08:42:02 PM  1000      9158    1.00    0.00    0.00    0.00    1.00     9  orca-server-mah
08:42:02 PM  1000      9160    5.00    0.00    0.00    0.00    5.00     7  python
08:42:02 PM  1000      9319    1.00    4.00    0.00    0.00    5.00    12  client

08:42:02 PM   UID       PID    %usr %system  %guest   %wait    %CPU   CPU  Command
08:42:03 PM  1000      9158    1.00    0.00    0.00    0.00    1.00     9  orca-server-mah
08:42:03 PM  1000      9160    4.00    1.00    0.00    0.00    5.00     7  python
08:42:03 PM  1000      9319    0.00    4.00    0.00    0.00    4.00    12  client

08:42:03 PM   UID       PID    %usr %system  %guest   %wait    %CPU   CPU  Command
08:42:04 PM  1000      9158    0.00    1.00    0.00    0.00    1.00     9  orca-server-mah
08:42:04 PM  1000      9160    4.00    0.00    0.00    0.00    4.00     7  python
08:42:04 PM  1000      9319    0.00    4.00    0.00    0.00    4.00    12  client

08:42:04 PM   UID       PID    %usr %system  %guest   %wait    %CPU   CPU  Command
08:42:05 PM  1000      9158    1.00    0.00    0.00    0.00    1.00     9  orca-server-mah
08:42:05 PM  1000      9160    4.00    0.00    0.00    0.00    4.00     7  python
08:42:05 PM  1000      9319    0.00    4.00    0.00    0.00    4.00    12  client

08:42:05 PM   UID       PID    %usr %system  %guest   %wait    %CPU   CPU  Command
08:42:06 PM  1000      9160    5.00    1.00    0.00    0.00    6.00     7  python
08:42:06 PM  1000      9319    0.00    1.00    0.00    0.00    1.00    12  client

08:42:06 PM   UID       PID    %usr %system  %guest   %wait    %CPU   CPU  Command
08:42:07 PM  1000      9158    1.00    0.00    0.00    0.00    1.00     9  orca-server-mah
08:42:07 PM  1000      9160    5.00    1.00    0.00    0.00    6.00     7  python
08:42:07 PM  1000      9319    0.00    1.00    0.00    0.00    1.00     7  client

08:42:07 PM   UID       PID    %usr %system  %guest   %wait    %CPU   CPU  Command
08:42:08 PM  1000      9160    5.00    1.00    0.00    0.00    6.00     8  python
08:42:08 PM  1000      9319    0.00    1.00    0.00    0.00    1.00     7  client

08:42:08 PM   UID       PID    %usr %system  %guest   %wait    %CPU   CPU  Command
08:42:09 PM  1000      9158    0.00    1.00    0.00    0.00    1.00     9  orca-server-mah
08:42:09 PM  1000      9160    5.00    0.00    0.00    0.00    5.00     8  python
08:42:09 PM  1000      9319    0.00    1.00    0.00    0.00    1.00     7  client

08:42:09 PM   UID       PID    %usr %system  %guest   %wait    %CPU   CPU  Command
08:42:10 PM  1000      9160    5.00    1.00    0.00    0.00    6.00     7  python
08:42:10 PM  1000      9319    0.00    1.00    0.00    0.00    1.00    12  client

08:42:10 PM   UID       PID    %usr %system  %guest   %wait    %CPU   CPU  Command
08:42:11 PM  1000      9158    0.00    1.00    0.00    0.00    1.00     9  orca-server-mah
08:42:11 PM  1000      9160    5.00    0.00    0.00    0.00    5.00     7  python
08:42:11 PM  1000      9319    0.00    1.00    0.00    0.00    1.00    12  client

08:42:11 PM   UID       PID    %usr %system  %guest   %wait    %CPU   CPU  Command
08:42:12 PM  1000      9160    6.00    1.00    0.00    0.00    7.00     8  python
08:42:12 PM  1000      9319    0.00    1.00    0.00    0.00    1.00     7  client

08:42:12 PM   UID       PID    %usr %system  %guest   %wait    %CPU   CPU  Command
08:42:13 PM  1000      9158    1.00    0.00    0.00    0.00    1.00     9  orca-server-mah
08:42:13 PM  1000      9160    5.00    0.00    0.00    0.00    5.00     8  python
08:42:13 PM  1000      9319    0.00    1.00    0.00    0.00    1.00     7  client

08:42:13 PM   UID       PID    %usr %system  %guest   %wait    %CPU   CPU  Command
08:42:14 PM  1000      9160    5.00    1.00    0.00    0.00    6.00     8  python
08:42:14 PM  1000      9319    0.00    1.00    0.00    0.00    1.00     7  client

08:42:14 PM   UID       PID    %usr %system  %guest   %wait    %CPU   CPU  Command
08:42:15 PM  1000      9160    4.00    0.00    0.00    0.00    4.00     7  python
08:42:15 PM  1000      9319    1.00    1.00    0.00    0.00    2.00    13  client

08:42:15 PM   UID       PID    %usr %system  %guest   %wait    %CPU   CPU  Command
08:42:16 PM  1000      9158    1.00    1.00    0.00    0.00    2.00     9  orca-server-mah
08:42:16 PM  1000      9160    4.00    1.00    0.00    0.00    5.00     7  python
08:42:16 PM  1000      9319    0.00    2.00    0.00    0.00    2.00    13  client

08:42:16 PM   UID       PID    %usr %system  %guest   %wait    %CPU   CPU  Command
08:42:17 PM  1000      9160    4.00    1.00    0.00    0.00    5.00     7  python
08:42:17 PM  1000      9319    1.00    3.00    0.00    0.00    4.00    13  client

08:42:17 PM   UID       PID    %usr %system  %guest   %wait    %CPU   CPU  Command
08:42:18 PM  1000      9158    1.00    0.00    0.00    0.00    1.00     9  orca-server-mah
08:42:18 PM  1000      9160    4.00    1.00    0.00    0.00    5.00     7  python
08:42:18 PM  1000      9319    0.00    2.00    0.00    0.00    2.00    13  client

08:42:18 PM   UID       PID    %usr %system  %guest   %wait    %CPU   CPU  Command
08:42:19 PM  1000      9158    0.00    1.00    0.00    0.00    1.00     9  orca-server-mah
08:42:19 PM  1000      9160    4.00    1.00    0.00    0.00    5.00     7  python
08:42:19 PM  1000      9319    0.00    2.00    0.00    0.00    2.00    13  client

08:42:19 PM   UID       PID    %usr %system  %guest   %wait    %CPU   CPU  Command
08:42:20 PM  1000      9158    1.00    0.00    0.00    0.00    1.00     9  orca-server-mah
08:42:20 PM  1000      9160    5.00    0.00    0.00    0.00    5.00     7  python
08:42:20 PM  1000      9319    1.00    3.00    0.00    0.00    4.00    13  client

08:42:20 PM   UID       PID    %usr %system  %guest   %wait    %CPU   CPU  Command
08:42:21 PM  1000      9160    4.00    0.00    0.00    0.00    4.00     7  python
08:42:21 PM  1000      9319    0.00    3.00    0.00    0.00    3.00    13  client

08:42:21 PM   UID       PID    %usr %system  %guest   %wait    %CPU   CPU  Command
08:42:22 PM  1000      9158    1.00    0.00    0.00    0.00    1.00     9  orca-server-mah
08:42:22 PM  1000      9160    5.00    0.00    0.00    0.00    5.00     7  python
08:42:22 PM  1000      9319    0.00    3.00    0.00    0.00    3.00    13  client

08:42:22 PM   UID       PID    %usr %system  %guest   %wait    %CPU   CPU  Command
08:42:23 PM  1000      9158    0.00    1.00    0.00    0.00    1.00     9  orca-server-mah
08:42:23 PM  1000      9160    4.00    1.00    0.00    0.00    5.00     7  python
08:42:23 PM  1000      9319    0.00    2.00    0.00    0.00    2.00    13  client

08:42:23 PM   UID       PID    %usr %system  %guest   %wait    %CPU   CPU  Command
08:42:24 PM  1000      9160    4.00    0.00    0.00    0.00    4.00     7  python
08:42:24 PM  1000      9319    1.00    3.00    0.00    0.00    4.00    13  client

08:42:24 PM   UID       PID    %usr %system  %guest   %wait    %CPU   CPU  Command
08:42:25 PM  1000      9160    4.00    1.00    0.00    0.00    5.00     7  python
08:42:25 PM  1000      9319    0.00    3.00    0.00    0.00    3.00    13  client

08:42:25 PM   UID       PID    %usr %system  %guest   %wait    %CPU   CPU  Command
08:42:26 PM  1000      9158    1.00    1.00    0.00    0.00    2.00     9  orca-server-mah
08:42:26 PM  1000      9160    4.00    0.00    0.00    0.00    4.00     7  python
08:42:26 PM  1000      9319    0.00    3.00    0.00    0.00    3.00    13  client

08:42:26 PM   UID       PID    %usr %system  %guest   %wait    %CPU   CPU  Command
08:42:27 PM  1000      9158    1.00    0.00    0.00    0.00    1.00     9  orca-server-mah
08:42:27 PM  1000      9160    4.00    1.00    0.00    0.00    5.00     7  python
08:42:27 PM  1000      9319    1.00    4.00    0.00    0.00    5.00    13  client

08:42:27 PM   UID       PID    %usr %system  %guest   %wait    %CPU   CPU  Command
08:42:28 PM  1000      9158    0.00    1.00    0.00    0.00    1.00     9  orca-server-mah
08:42:28 PM  1000      9160    5.00    0.00    0.00    0.00    5.00     7  python
08:42:28 PM  1000      9319    0.00    4.00    0.00    0.00    4.00    13  client

08:42:28 PM   UID       PID    %usr %system  %guest   %wait    %CPU   CPU  Command
08:42:29 PM  1000      9158    1.00    0.00    0.00    0.00    1.00     9  orca-server-mah
08:42:29 PM  1000      9160    3.00    0.00    0.00    0.00    3.00     7  python
08:42:29 PM  1000      9319    1.00    3.00    0.00    0.00    4.00    13  client

08:42:29 PM   UID       PID    %usr %system  %guest   %wait    %CPU   CPU  Command
08:42:30 PM  1000      9158    1.00    1.00    0.00    0.00    2.00     9  orca-server-mah
08:42:30 PM  1000      9160    4.00    1.00    0.00    0.00    5.00     7  python
08:42:30 PM  1000      9319    0.00    3.00    0.00    0.00    3.00    13  client

08:42:30 PM   UID       PID    %usr %system  %guest   %wait    %CPU   CPU  Command
08:42:31 PM  1000      9158    0.00    1.00    0.00    0.00    1.00     9  orca-server-mah
08:42:31 PM  1000      9160    4.00    1.00    0.00    0.00    5.00     7  python
08:42:31 PM  1000      9319    0.00    5.00    0.00    0.00    5.00    13  client

08:42:31 PM   UID       PID    %usr %system  %guest   %wait    %CPU   CPU  Command
08:42:32 PM  1000      9160    4.00    0.00    0.00    0.00    4.00     7  python
08:42:32 PM  1000      9319    0.00    4.00    0.00    1.00    4.00    13  client

08:42:32 PM   UID       PID    %usr %system  %guest   %wait    %CPU   CPU  Command
08:42:33 PM  1000      9158    1.00    1.00    0.00    0.00    2.00     9  orca-server-mah
08:42:33 PM  1000      9160    4.00    1.00    0.00    0.00    5.00     7  python
08:42:33 PM  1000      9319    0.00    4.00    0.00    0.00    4.00    13  client

08:42:33 PM   UID       PID    %usr %system  %guest   %wait    %CPU   CPU  Command
08:42:34 PM  1000      9158    0.00    1.00    0.00    0.00    1.00     9  orca-server-mah
08:42:34 PM  1000      9160    3.00    1.00    0.00    0.00    4.00     7  python
08:42:34 PM  1000      9319    0.00    4.00    0.00    0.00    4.00    13  client

08:42:34 PM   UID       PID    %usr %system  %guest   %wait    %CPU   CPU  Command
08:42:35 PM  1000      9158    1.00    0.00    0.00    0.00    1.00     9  orca-server-mah
08:42:35 PM  1000      9160    5.00    0.00    0.00    0.00    5.00     7  python
08:42:35 PM  1000      9319    0.00    3.00    0.00    0.00    3.00    13  client

08:42:35 PM   UID       PID    %usr %system  %guest   %wait    %CPU   CPU  Command
08:42:36 PM  1000      9160    4.00    1.00    0.00    0.00    5.00     7  python
08:42:36 PM  1000      9319    0.00    1.00    0.00    0.00    1.00    13  client

08:42:36 PM   UID       PID    %usr %system  %guest   %wait    %CPU   CPU  Command
08:42:37 PM  1000      9160    1.00    0.00    0.00    0.00    1.00     7  python
08:42:37 PM  1000      9319    0.00    1.00    0.00    0.00    1.00    12  client

08:42:37 PM   UID       PID    %usr %system  %guest   %wait    %CPU   CPU  Command
08:42:38 PM  1000      9160    1.00    0.00    0.00    0.00    1.00     7  python

Average:      UID       PID    %usr %system  %guest   %wait    %CPU   CPU  Command
Average:     1000      9160    5.37    0.68    0.00    0.00    6.05     -  python
