--- Results for lstm ---
Average Total CPU Usage: 2.58% (of one core)
  - User Space (Agent/Server): 2.58%
  - Kernel Space (TCP Stack):  0.00%
Log saved to cpu_lstm.log

Linux 6.16.4-g6a84fbc45f49 (ubuntu) 	11/30/2025 	_x86_64_	(16 CPU)

08:44:27 PM   UID       PID    %usr %system  %guest   %wait    %CPU   CPU  Command
08:44:28 PM  1000      9413    0.99    0.00    0.00    0.00    0.99     9  orca-server-mah
08:44:28 PM  1000      9415   11.88    1.98    0.00    0.00   13.86     7  python
08:44:28 PM  1000      9618    0.00    0.99    0.00    0.00    0.99    15  client

08:44:28 PM   UID       PID    %usr %system  %guest   %wait    %CPU   CPU  Command
08:44:29 PM  1000      9413    0.00    1.00    0.00    0.00    1.00     9  orca-server-mah
08:44:29 PM  1000      9415   11.00    3.00    0.00    0.00   14.00    10  python
08:44:29 PM  1000      9618    0.00    1.00    0.00    0.00    1.00     1  client

08:44:29 PM   UID       PID    %usr %system  %guest   %wait    %CPU   CPU  Command
08:44:30 PM  1000      9413    1.00    0.00    0.00    0.00    1.00     9  orca-server-mah
08:44:30 PM  1000      9415   11.00    2.00    0.00    0.00   13.00    10  python
08:44:30 PM  1000      9618    0.00    1.00    0.00    0.00    1.00     1  client

08:44:30 PM   UID       PID    %usr %system  %guest   %wait    %CPU   CPU  Command
08:44:31 PM  1000      9415    9.00    2.00    0.00    0.00   11.00    11  python
08:44:31 PM  1000      9618    1.00    1.00    0.00    0.00    2.00     1  client

08:44:31 PM   UID       PID    %usr %system  %guest   %wait    %CPU   CPU  Command
08:44:32 PM  1000      9415    8.00    2.00    0.00    0.00   10.00    11  python
08:44:32 PM  1000      9618    0.00    1.00    0.00    0.00    1.00     1  client

08:44:32 PM   UID       PID    %usr %system  %guest   %wait    %CPU   CPU  Command
08:44:33 PM  1000      9413    0.00    1.00    0.00    0.00    1.00     9  orca-server-mah
08:44:33 PM  1000      9415    9.00    1.00    0.00    0.00   10.00    11  python

08:44:33 PM   UID       PID    %usr %system  %guest   %wait    %CPU   CPU  Command
08:44:34 PM  1000      9413    1.00    0.00    0.00    0.00    1.00     9  orca-server-mah
08:44:34 PM  1000      9415    8.00    1.00    0.00    0.00    9.00    13  python
08:44:34 PM  1000      9618    0.00    1.00    0.00    0.00    1.00     4  client

08:44:34 PM   UID       PID    %usr %system  %guest   %wait    %CPU   CPU  Command
08:44:35 PM  1000      9415    8.00    1.00    0.00    0.00    9.00    11  python
08:44:35 PM  1000      9618    0.00    2.00    0.00    0.00    2.00     4  client

08:44:35 PM   UID       PID    %usr %system  %guest   %wait    %CPU   CPU  Command
08:44:36 PM  1000      9415    7.00    2.00    0.00    0.00    9.00    11  python
08:44:36 PM  1000      9618    0.00    1.00    0.00    0.00    1.00     1  client

08:44:36 PM   UID       PID    %usr %system  %guest   %wait    %CPU   CPU  Command
08:44:37 PM  1000      9413    1.00    0.00    0.00    0.00    1.00     9  orca-server-mah
08:44:37 PM  1000      9415    7.00    2.00    0.00    0.00    9.00    11  python
08:44:37 PM  1000      9618    1.00    1.00    0.00    0.00    2.00     4  client

08:44:37 PM   UID       PID    %usr %system  %guest   %wait    %CPU   CPU  Command
08:44:38 PM  1000      9415    9.00    1.00    0.00    0.00   10.00    11  python
08:44:38 PM  1000      9618    0.00    1.00    0.00    0.00    1.00     4  client

08:44:38 PM   UID       PID    %usr %system  %guest   %wait    %CPU   CPU  Command
08:44:39 PM  1000      9413    1.00    0.00    0.00    0.00    1.00     9  orca-server-mah
08:44:39 PM  1000      9415    7.00    1.00    0.00    0.00    8.00    11  python
08:44:39 PM  1000      9618    0.00    2.00    0.00    0.00    2.00     1  client

08:44:39 PM   UID       PID    %usr %system  %guest   %wait    %CPU   CPU  Command
08:44:40 PM  1000      9415    9.00    1.00    0.00    0.00   10.00    11  python
08:44:40 PM  1000      9618    0.00    2.00    0.00    0.00    2.00     1  client

08:44:40 PM   UID       PID    %usr %system  %guest   %wait    %CPU   CPU  Command
08:44:41 PM  1000      9413    0.00    1.00    0.00    0.00    1.00     9  orca-server-mah
08:44:41 PM  1000      9415    8.00    1.00    0.00    0.00    9.00    11  python
08:44:41 PM  1000      9618    0.00    1.00    0.00    0.00    1.00     1  client

08:44:41 PM   UID       PID    %usr %system  %guest   %wait    %CPU   CPU  Command
08:44:42 PM  1000      9415    8.00    1.00    0.00    0.00    9.00    10  python
08:44:42 PM  1000      9618    0.00    1.00    0.00    0.00    1.00     1  client

08:44:42 PM   UID       PID    %usr %system  %guest   %wait    %CPU   CPU  Command
08:44:43 PM  1000      9413    0.00    1.00    0.00    0.00    1.00     9  orca-server-mah
08:44:43 PM  1000      9415    7.00    1.00    0.00    0.00    8.00    11  python
08:44:43 PM  1000      9618    0.00    2.00    0.00    0.00    2.00     5  client

08:44:43 PM   UID       PID    %usr %system  %guest   %wait    %CPU   CPU  Command
08:44:44 PM  1000      9413    1.00    0.00    0.00    0.00    1.00     9  orca-server-mah
08:44:44 PM  1000      9415    7.00    2.00    0.00    0.00    9.00    11  python
08:44:44 PM  1000      9618    0.00    1.00    0.00    0.00    1.00     1  client

08:44:44 PM   UID       PID    %usr %system  %guest   %wait    %CPU   CPU  Command
08:44:45 PM  1000      9415    7.00    1.00    0.00    0.00    8.00    11  python
08:44:45 PM  1000      9618    0.00    2.00    0.00    0.00    2.00     6  client

08:44:45 PM   UID       PID    %usr %system  %guest   %wait    %CPU   CPU  Command
08:44:46 PM  1000      9415    8.00    1.00    0.00    0.00    9.00    11  python
08:44:46 PM  1000      9618    1.00    2.00    0.00    0.00    3.00     6  client

08:44:46 PM   UID       PID    %usr %system  %guest   %wait    %CPU   CPU  Command
08:44:47 PM  1000      9413    1.00    1.00    0.00    0.00    2.00     9  orca-server-mah
08:44:47 PM  1000      9415    7.00    2.00    0.00    0.00    9.00    11  python
08:44:47 PM  1000      9618    0.00    1.00    0.00    0.00    1.00     6  client

08:44:47 PM   UID       PID    %usr %system  %guest   %wait    %CPU   CPU  Command
08:44:48 PM  1000      9415    9.00    0.00    0.00    0.00    9.00    11  python
08:44:48 PM  1000      9618    0.00    1.00    0.00    0.00    1.00     6  client

08:44:48 PM   UID       PID    %usr %system  %guest   %wait    %CPU   CPU  Command
08:44:49 PM  1000      9415    7.00    1.00    0.00    0.00    8.00    11  python
08:44:49 PM  1000      9618    0.00    2.00    0.00    0.00    2.00     6  client

08:44:49 PM   UID       PID    %usr %system  %guest   %wait    %CPU   CPU  Command
08:44:50 PM  1000      9413    1.00    1.00    0.00    0.00    2.00     9  orca-server-mah
08:44:50 PM  1000      9415    9.00    1.00    0.00    0.00   10.00    11  python
08:44:50 PM  1000      9618    0.00    2.00    0.00    0.00    2.00     6  client

08:44:50 PM   UID       PID    %usr %system  %guest   %wait    %CPU   CPU  Command
08:44:51 PM  1000      9415    7.00    1.00    0.00    0.00    8.00    11  python
08:44:51 PM  1000      9618    0.00    1.00    0.00    0.00    1.00     6  client

08:44:51 PM   UID       PID    %usr %system  %guest   %wait    %CPU   CPU  Command
08:44:52 PM  1000      9413    0.00    1.00    0.00    0.00    1.00     9  orca-server-mah
08:44:52 PM  1000      9415    7.00    1.00    0.00    0.00    8.00    11  python
08:44:52 PM  1000      9618    0.00    1.00    0.00    0.00    1.00     6  client

08:44:52 PM   UID       PID    %usr %system  %guest   %wait    %CPU   CPU  Command
08:44:53 PM  1000      9415    8.00    1.00    0.00    0.00    9.00    11  python
08:44:53 PM  1000      9618    1.00    1.00    0.00    0.00    2.00     6  client

08:44:53 PM   UID       PID    %usr %system  %guest   %wait    %CPU   CPU  Command
08:44:54 PM  1000      9413    0.00    1.00    0.00    0.00    1.00     9  orca-server-mah
08:44:54 PM  1000      9415    7.00    1.00    0.00    0.00    8.00    11  python
08:44:54 PM  1000      9618    0.00    1.00    0.00    0.00    1.00     6  client

08:44:54 PM   UID       PID    %usr %system  %guest   %wait    %CPU   CPU  Command
08:44:55 PM  1000      9413    1.00    0.00    0.00    0.00    1.00     9  orca-server-mah
08:44:55 PM  1000      9415    8.00    1.00    0.00    0.00    9.00    12  python
08:44:55 PM  1000      9618    0.00    1.00    0.00    0.00    1.00     6  client

08:44:55 PM   UID       PID    %usr %system  %guest   %wait    %CPU   CPU  Command
08:44:56 PM  1000      9415    8.00    1.00    0.00    0.00    9.00    12  python
08:44:56 PM  1000      9618    0.00    1.00    0.00    0.00    1.00     6  client

08:44:56 PM   UID       PID    %usr %system  %guest   %wait    %CPU   CPU  Command
08:44:57 PM  1000      9415    9.00    0.00    0.00    0.00    9.00    11  python
08:44:57 PM  1000      9618    0.00    1.00    0.00    0.00    1.00     6  client

08:44:57 PM   UID       PID    %usr %system  %guest   %wait    %CPU   CPU  Command
08:44:58 PM  1000      9415    8.00    1.00    0.00    0.00    9.00    11  python
08:44:58 PM  1000      9618    0.00    1.00    0.00    0.00    1.00     6  client

08:44:58 PM   UID       PID    %usr %system  %guest   %wait    %CPU   CPU  Command
08:44:59 PM  1000      9413    1.00    1.00    0.00    0.00    2.00     9  orca-server-mah
08:44:59 PM  1000      9415    8.00    2.00    0.00    0.00   10.00    13  python
08:44:59 PM  1000      9618    0.00    1.00    0.00    0.00    1.00     6  client

08:44:59 PM   UID       PID    %usr %system  %guest   %wait    %CPU   CPU  Command
08:45:00 PM  1000      9415    8.00    0.00    0.00    0.00    8.00    13  python
08:45:00 PM  1000      9618    0.00    1.00    0.00    0.00    1.00     6  client

08:45:00 PM   UID       PID    %usr %system  %guest   %wait    %CPU   CPU  Command
08:45:01 PM  1000      9415    9.00    1.00    0.00    0.00   10.00    13  python
08:45:01 PM  1000      9618    1.00    1.00    0.00    0.00    2.00     6  client

08:45:01 PM   UID       PID    %usr %system  %guest   %wait    %CPU   CPU  Command
08:45:02 PM  1000      9413    1.00    0.00    0.00    0.00    1.00     9  orca-server-mah
08:45:02 PM  1000      9415    8.00    0.00    0.00    0.00    8.00    13  python
08:45:02 PM  1000      9618    0.00    1.00    0.00    0.00    1.00     1  client

08:45:02 PM   UID       PID    %usr %system  %guest   %wait    %CPU   CPU  Command
08:45:03 PM  1000      9415    8.00    2.00    0.00    0.00   10.00    14  python

08:45:03 PM   UID       PID    %usr %system  %guest   %wait    %CPU   CPU  Command
08:45:04 PM  1000      9415    8.00    1.00    0.00    0.00    9.00    14  python
08:45:04 PM  1000      9618    0.00    1.00    0.00    0.00    1.00     6  client

08:45:04 PM   UID       PID    %usr %system  %guest   %wait    %CPU   CPU  Command
08:45:05 PM  1000      9413    0.00    1.00    0.00    0.00    1.00     9  orca-server-mah
08:45:05 PM  1000      9415    8.00    1.00    0.00    0.00    9.00    14  python
08:45:05 PM  1000      9618    0.00    2.00    0.00    0.00    2.00     6  client

08:45:05 PM   UID       PID    %usr %system  %guest   %wait    %CPU   CPU  Command
08:45:06 PM  1000      9413    1.00    0.00    0.00    0.00    1.00     9  orca-server-mah
08:45:06 PM  1000      9415    9.00    1.00    0.00    0.00   10.00    14  python
08:45:06 PM  1000      9618    1.00    1.00    0.00    0.00    2.00     6  client

08:45:06 PM   UID       PID    %usr %system  %guest   %wait    %CPU   CPU  Command
08:45:07 PM  1000      9415    7.00    1.00    0.00    0.00    8.00    14  python
08:45:07 PM  1000      9618    0.00    1.00    0.00    0.00    1.00     6  client

08:45:07 PM   UID       PID    %usr %system  %guest   %wait    %CPU   CPU  Command
08:45:08 PM  1000      9415    8.00    1.00    0.00    0.00    9.00    14  python
08:45:08 PM  1000      9618    0.00    2.00    0.00    0.00    2.00     6  client

08:45:08 PM   UID       PID    %usr %system  %guest   %wait    %CPU   CPU  Command
08:45:09 PM  1000      9413    1.00    1.00    0.00    0.00    2.00     9  orca-server-mah
08:45:09 PM  1000      9415    7.00    1.00    0.00    0.00    8.00    14  python
08:45:09 PM  1000      9618    0.00    1.00    0.00    0.00    1.00     1  client

08:45:09 PM   UID       PID    %usr %system  %guest   %wait    %CPU   CPU  Command
08:45:10 PM  1000      9415    8.00    1.00    0.00    0.00    9.00    14  python
08:45:10 PM  1000      9618    0.00    1.00    0.00    0.00    1.00     5  client

08:45:10 PM   UID       PID    %usr %system  %guest   %wait    %CPU   CPU  Command
08:45:11 PM  1000      9415    8.00    1.00    0.00    0.00    9.00    14  python
08:45:11 PM  1000      9618    0.00    2.00    0.00    0.00    2.00     5  client

08:45:11 PM   UID       PID    %usr %system  %guest   %wait    %CPU   CPU  Command
08:45:12 PM  1000      9413    0.00    1.00    0.00    0.00    1.00     9  orca-server-mah
08:45:12 PM  1000      9415    8.00    1.00    0.00    0.00    9.00    14  python
08:45:12 PM  1000      9618    0.00    1.00    0.00    0.00    1.00     5  client

08:45:12 PM   UID       PID    %usr %system  %guest   %wait    %CPU   CPU  Command
08:45:13 PM  1000      9413    1.00    0.00    0.00    0.00    1.00     9  orca-server-mah
08:45:13 PM  1000      9415   10.00    1.00    0.00    0.00   11.00    14  python
08:45:13 PM  1000      9618    1.00    1.00    0.00    0.00    2.00     6  client

08:45:13 PM   UID       PID    %usr %system  %guest   %wait    %CPU   CPU  Command
08:45:14 PM  1000      9415   10.00    1.00    0.00    0.00   11.00    14  python
08:45:14 PM  1000      9618    0.00    1.00    0.00    0.00    1.00     6  client

08:45:14 PM   UID       PID    %usr %system  %guest   %wait    %CPU   CPU  Command
08:45:15 PM  1000      9413    1.00    0.00    0.00    0.00    1.00     9  orca-server-mah
08:45:15 PM  1000      9415    9.00    0.00    0.00    0.00    9.00    14  python
08:45:15 PM  1000      9618    0.00    2.00    0.00    0.00    2.00     6  client

08:45:15 PM   UID       PID    %usr %system  %guest   %wait    %CPU   CPU  Command
08:45:16 PM  1000      9413    0.00    1.00    0.00    0.00    1.00     9  orca-server-mah
08:45:16 PM  1000      9415   10.00    1.00    0.00    0.00   11.00    14  python
08:45:16 PM  1000      9618    0.00    1.00    0.00    0.00    1.00     6  client

08:45:16 PM   UID       PID    %usr %system  %guest   %wait    %CPU   CPU  Command
08:45:17 PM  1000      9413    1.00    0.00    0.00    0.00    1.00     9  orca-server-mah
08:45:17 PM  1000      9415    8.00    1.00    0.00    0.00    9.00    14  python
08:45:17 PM  1000      9618    0.00    2.00    0.00    0.00    2.00     6  client

08:45:17 PM   UID       PID    %usr %system  %guest   %wait    %CPU   CPU  Command
08:45:18 PM  1000      9415    8.00    1.00    0.00    0.00    9.00    14  python
08:45:18 PM  1000      9618    0.00    2.00    0.00    0.00    2.00     6  client

08:45:18 PM   UID       PID    %usr %system  %guest   %wait    %CPU   CPU  Command
08:45:19 PM  1000      9413    1.00    0.00    0.00    0.00    1.00     9  orca-server-mah
08:45:19 PM  1000      9415    9.00    0.00    0.00    0.00    9.00    14  python
08:45:19 PM  1000      9618    0.00    2.00    0.00    0.00    2.00     6  client

08:45:19 PM   UID       PID    %usr %system  %guest   %wait    %CPU   CPU  Command
08:45:20 PM  1000      9413    0.00    1.00    0.00    0.00    1.00     9  orca-server-mah
08:45:20 PM  1000      9415    9.00    1.00    0.00    0.00   10.00    14  python
08:45:20 PM  1000      9618    0.00    2.00    0.00    0.00    2.00     6  client

08:45:20 PM   UID       PID    %usr %system  %guest   %wait    %CPU   CPU  Command
08:45:21 PM  1000      9413    1.00    0.00    0.00    0.00    1.00     9  orca-server-mah
08:45:21 PM  1000      9415    8.00    1.00    0.00    0.00    9.00    14  python
08:45:21 PM  1000      9618    0.00    2.00    0.00    0.00    2.00     6  client

08:45:21 PM   UID       PID    %usr %system  %guest   %wait    %CPU   CPU  Command
08:45:22 PM  1000      9415    9.00    1.00    0.00    0.00   10.00    14  python
08:45:22 PM  1000      9618    0.00    2.00    0.00    0.00    2.00     6  client

08:45:22 PM   UID       PID    %usr %system  %guest   %wait    %CPU   CPU  Command
08:45:23 PM  1000      9413    1.00    1.00    0.00    0.00    2.00     9  orca-server-mah
08:45:23 PM  1000      9415    8.00    1.00    0.00    0.00    9.00    14  python
08:45:23 PM  1000      9618    1.00    1.00    0.00    0.00    2.00     1  client

08:45:23 PM   UID       PID    %usr %system  %guest   %wait    %CPU   CPU  Command
08:45:24 PM  1000      9415    9.00    1.00    0.00    0.00   10.00    14  python
08:45:24 PM  1000      9618    0.00    2.00    0.00    0.00    2.00     6  client

08:45:24 PM   UID       PID    %usr %system  %guest   %wait    %CPU   CPU  Command
08:45:25 PM  1000      9415    8.00    1.00    0.00    0.00    9.00    15  python
08:45:25 PM  1000      9618    0.00    1.00    0.00    0.00    1.00     6  client

08:45:25 PM   UID       PID    %usr %system  %guest   %wait    %CPU   CPU  Command
08:45:26 PM  1000      9415    3.00    0.00    0.00    0.00    3.00    15  python
08:45:26 PM  1000      9618    0.00    1.00    0.00    0.00    1.00     6  client

08:45:26 PM   UID       PID    %usr %system  %guest   %wait    %CPU   CPU  Command
08:45:27 PM  1000      9415    1.00    0.00    0.00    0.00    1.00    14  python

Average:      UID       PID    %usr %system  %guest   %wait    %CPU   CPU  Command
Average:     1000      9415    8.08    1.07    0.00    0.00    9.15     -  python
