--- Re-analyzing cpu_all_mod.log ---
Corrected Averages (over 60s):
  - Total CPU:   8.81%
  - User Space:  5.67%
  - Kernel Space:3.15%

--- Re-analyzing cpu_baseline_cubic.log ---
Corrected Averages (over 60s):
  - Total CPU:   8.86%
  - User Space:  5.80%
  - Kernel Space:3.07%

--- Re-analyzing cpu_baseline_orca.log ---
Corrected Averages (over 60s):
  - Total CPU:   9.71%
  - User Space:  6.43%
  - Kernel Space:3.28%

--- Re-analyzing cpu_lstm.log ---
Corrected Averages (over 60s):
  - Total CPU:   11.11%
  - User Space:  8.53%
  - Kernel Space:2.58%

--- Re-analyzing cpu_reward.log ---
Corrected Averages (over 60s):
  - Total CPU:   9.45%
  - User Space:  6.02%
  - Kernel Space:3.43%

